// Jest Snapshot v1, https://goo.gl/fbAQLP

exports[`<App> should match the snapshot 1`] = `
ShallowWrapper {
  Symbol(enzyme.__root__): [Circular],
  Symbol(enzyme.__unrendered__): <App
    documents={null}
    filter=""
    handleDeleteDoc={[MockFunction]}
    handleFilterDocs={[MockFunction]}
    handleGetDocs={
      [MockFunction] {
        "calls": Array [
          Array [],
        ],
        "results": undefined,
      }
    }
    handleUploadDoc={[MockFunction]}
    loading={false}
  />,
  Symbol(enzyme.__renderer__): Object {
    "batchedUpdates": [Function],
    "getNode": [Function],
    "render": [Function],
    "simulateError": [Function],
    "simulateEvent": [Function],
    "unmount": [Function],
  },
  Symbol(enzyme.__node__): Object {
    "instance": null,
    "key": undefined,
    "nodeType": "function",
    "props": Object {
      "children": Array [
        <Nav />,
        <Container
          tag="div"
        >
          <Row
            tag="div"
          >
            <Col
              sm={
                Object {
                  "offset": 1,
                  "size": 10,
                }
              }
              tag="div"
              widths={
                Array [
                  "xs",
                  "sm",
                  "md",
                  "lg",
                  "xl",
                ]
              }
            >
              <h2
                className="pageTitle"
              >
                Document manager
              </h2>
            </Col>
          </Row>
          <Row
            tag="div"
          >
            <Col
              sm={
                Object {
                  "offset": 1,
                  "size": 4,
                }
              }
              tag="div"
              widths={
                Array [
                  "xs",
                  "sm",
                  "md",
                  "lg",
                  "xl",
                ]
              }
            >
              <SearchButton
                filter=""
                handleFilter={[Function]}
              />
            </Col>
            <Col
              sm={
                Object {
                  "offset": 1,
                  "size": 4,
                }
              }
              tag="div"
              widths={
                Array [
                  "xs",
                  "sm",
                  "md",
                  "lg",
                  "xl",
                ]
              }
            >
              <UploadButton
                handleUpload={[Function]}
              />
            </Col>
          </Row>
          <Row
            tag="div"
          >
            <Col
              sm={
                Object {
                  "offset": 1,
                  "size": 10,
                }
              }
              tag="div"
              widths={
                Array [
                  "xs",
                  "sm",
                  "md",
                  "lg",
                  "xl",
                ]
              }
            >
              <List
                documents={null}
                filter=""
                handleDelete={[MockFunction]}
              />
            </Col>
          </Row>
        </Container>,
      ],
    },
    "ref": null,
    "rendered": Array [
      Object {
        "instance": null,
        "key": undefined,
        "nodeType": "function",
        "props": Object {},
        "ref": null,
        "rendered": null,
        "type": [Function],
      },
      Object {
        "instance": null,
        "key": undefined,
        "nodeType": "function",
        "props": Object {
          "children": Array [
            <Row
              tag="div"
            >
              <Col
                sm={
                  Object {
                    "offset": 1,
                    "size": 10,
                  }
                }
                tag="div"
                widths={
                  Array [
                    "xs",
                    "sm",
                    "md",
                    "lg",
                    "xl",
                  ]
                }
              >
                <h2
                  className="pageTitle"
                >
                  Document manager
                </h2>
              </Col>
            </Row>,
            <Row
              tag="div"
            >
              <Col
                sm={
                  Object {
                    "offset": 1,
                    "size": 4,
                  }
                }
                tag="div"
                widths={
                  Array [
                    "xs",
                    "sm",
                    "md",
                    "lg",
                    "xl",
                  ]
                }
              >
                <SearchButton
                  filter=""
                  handleFilter={[Function]}
                />
              </Col>
              <Col
                sm={
                  Object {
                    "offset": 1,
                    "size": 4,
                  }
                }
                tag="div"
                widths={
                  Array [
                    "xs",
                    "sm",
                    "md",
                    "lg",
                    "xl",
                  ]
                }
              >
                <UploadButton
                  handleUpload={[Function]}
                />
              </Col>
            </Row>,
            <Row
              tag="div"
            >
              <Col
                sm={
                  Object {
                    "offset": 1,
                    "size": 10,
                  }
                }
                tag="div"
                widths={
                  Array [
                    "xs",
                    "sm",
                    "md",
                    "lg",
                    "xl",
                  ]
                }
              >
                <List
                  documents={null}
                  filter=""
                  handleDelete={[MockFunction]}
                />
              </Col>
            </Row>,
          ],
          "tag": "div",
        },
        "ref": null,
        "rendered": Array [
          Object {
            "instance": null,
            "key": undefined,
            "nodeType": "function",
            "props": Object {
              "children": <Col
                sm={
                  Object {
                    "offset": 1,
                    "size": 10,
                  }
                }
                tag="div"
                widths={
                  Array [
                    "xs",
                    "sm",
                    "md",
                    "lg",
                    "xl",
                  ]
                }
              >
                <h2
                  className="pageTitle"
                >
                  Document manager
                </h2>
              </Col>,
              "tag": "div",
            },
            "ref": null,
            "rendered": Object {
              "instance": null,
              "key": undefined,
              "nodeType": "function",
              "props": Object {
                "children": <h2
                  className="pageTitle"
                >
                  Document manager
                </h2>,
                "sm": Object {
                  "offset": 1,
                  "size": 10,
                },
                "tag": "div",
                "widths": Array [
                  "xs",
                  "sm",
                  "md",
                  "lg",
                  "xl",
                ],
              },
              "ref": null,
              "rendered": Object {
                "instance": null,
                "key": undefined,
                "nodeType": "host",
                "props": Object {
                  "children": "Document manager",
                  "className": "pageTitle",
                },
                "ref": null,
                "rendered": "Document manager",
                "type": "h2",
              },
              "type": [Function],
            },
            "type": [Function],
          },
          Object {
            "instance": null,
            "key": undefined,
            "nodeType": "function",
            "props": Object {
              "children": Array [
                <Col
                  sm={
                    Object {
                      "offset": 1,
                      "size": 4,
                    }
                  }
                  tag="div"
                  widths={
                    Array [
                      "xs",
                      "sm",
                      "md",
                      "lg",
                      "xl",
                    ]
                  }
                >
                  <SearchButton
                    filter=""
                    handleFilter={[Function]}
                  />
                </Col>,
                <Col
                  sm={
                    Object {
                      "offset": 1,
                      "size": 4,
                    }
                  }
                  tag="div"
                  widths={
                    Array [
                      "xs",
                      "sm",
                      "md",
                      "lg",
                      "xl",
                    ]
                  }
                >
                  <UploadButton
                    handleUpload={[Function]}
                  />
                </Col>,
              ],
              "tag": "div",
            },
            "ref": null,
            "rendered": Array [
              Object {
                "instance": null,
                "key": undefined,
                "nodeType": "function",
                "props": Object {
                  "children": <SearchButton
                    filter=""
                    handleFilter={[Function]}
                  />,
                  "sm": Object {
                    "offset": 1,
                    "size": 4,
                  },
                  "tag": "div",
                  "widths": Array [
                    "xs",
                    "sm",
                    "md",
                    "lg",
                    "xl",
                  ],
                },
                "ref": null,
                "rendered": Object {
                  "instance": null,
                  "key": undefined,
                  "nodeType": "function",
                  "props": Object {
                    "filter": "",
                    "handleFilter": [Function],
                  },
                  "ref": null,
                  "rendered": null,
                  "type": [Function],
                },
                "type": [Function],
              },
              Object {
                "instance": null,
                "key": undefined,
                "nodeType": "function",
                "props": Object {
                  "children": <UploadButton
                    handleUpload={[Function]}
                  />,
                  "sm": Object {
                    "offset": 1,
                    "size": 4,
                  },
                  "tag": "div",
                  "widths": Array [
                    "xs",
                    "sm",
                    "md",
                    "lg",
                    "xl",
                  ],
                },
                "ref": null,
                "rendered": Object {
                  "instance": null,
                  "key": undefined,
                  "nodeType": "function",
                  "props": Object {
                    "handleUpload": [Function],
                  },
                  "ref": null,
                  "rendered": null,
                  "type": [Function],
                },
                "type": [Function],
              },
            ],
            "type": [Function],
          },
          Object {
            "instance": null,
            "key": undefined,
            "nodeType": "function",
            "props": Object {
              "children": <Col
                sm={
                  Object {
                    "offset": 1,
                    "size": 10,
                  }
                }
                tag="div"
                widths={
                  Array [
                    "xs",
                    "sm",
                    "md",
                    "lg",
                    "xl",
                  ]
                }
              >
                <List
                  documents={null}
                  filter=""
                  handleDelete={[MockFunction]}
                />
              </Col>,
              "tag": "div",
            },
            "ref": null,
            "rendered": Object {
              "instance": null,
              "key": undefined,
              "nodeType": "function",
              "props": Object {
                "children": <List
                  documents={null}
                  filter=""
                  handleDelete={[MockFunction]}
                />,
                "sm": Object {
                  "offset": 1,
                  "size": 10,
                },
                "tag": "div",
                "widths": Array [
                  "xs",
                  "sm",
                  "md",
                  "lg",
                  "xl",
                ],
              },
              "ref": null,
              "rendered": Object {
                "instance": null,
                "key": undefined,
                "nodeType": "function",
                "props": Object {
                  "documents": null,
                  "filter": "",
                  "handleDelete": [MockFunction],
                },
                "ref": null,
                "rendered": null,
                "type": [Function],
              },
              "type": [Function],
            },
            "type": [Function],
          },
        ],
        "type": [Function],
      },
    ],
    "type": Symbol(react.fragment),
  },
  Symbol(enzyme.__nodes__): Array [
    Object {
      "instance": null,
      "key": undefined,
      "nodeType": "function",
      "props": Object {
        "children": Array [
          <Nav />,
          <Container
            tag="div"
          >
            <Row
              tag="div"
            >
              <Col
                sm={
                  Object {
                    "offset": 1,
                    "size": 10,
                  }
                }
                tag="div"
                widths={
                  Array [
                    "xs",
                    "sm",
                    "md",
                    "lg",
                    "xl",
                  ]
                }
              >
                <h2
                  className="pageTitle"
                >
                  Document manager
                </h2>
              </Col>
            </Row>
            <Row
              tag="div"
            >
              <Col
                sm={
                  Object {
                    "offset": 1,
                    "size": 4,
                  }
                }
                tag="div"
                widths={
                  Array [
                    "xs",
                    "sm",
                    "md",
                    "lg",
                    "xl",
                  ]
                }
              >
                <SearchButton
                  filter=""
                  handleFilter={[Function]}
                />
              </Col>
              <Col
                sm={
                  Object {
                    "offset": 1,
                    "size": 4,
                  }
                }
                tag="div"
                widths={
                  Array [
                    "xs",
                    "sm",
                    "md",
                    "lg",
                    "xl",
                  ]
                }
              >
                <UploadButton
                  handleUpload={[Function]}
                />
              </Col>
            </Row>
            <Row
              tag="div"
            >
              <Col
                sm={
                  Object {
                    "offset": 1,
                    "size": 10,
                  }
                }
                tag="div"
                widths={
                  Array [
                    "xs",
                    "sm",
                    "md",
                    "lg",
                    "xl",
                  ]
                }
              >
                <List
                  documents={null}
                  filter=""
                  handleDelete={[MockFunction]}
                />
              </Col>
            </Row>
          </Container>,
        ],
      },
      "ref": null,
      "rendered": Array [
        Object {
          "instance": null,
          "key": undefined,
          "nodeType": "function",
          "props": Object {},
          "ref": null,
          "rendered": null,
          "type": [Function],
        },
        Object {
          "instance": null,
          "key": undefined,
          "nodeType": "function",
          "props": Object {
            "children": Array [
              <Row
                tag="div"
              >
                <Col
                  sm={
                    Object {
                      "offset": 1,
                      "size": 10,
                    }
                  }
                  tag="div"
                  widths={
                    Array [
                      "xs",
                      "sm",
                      "md",
                      "lg",
                      "xl",
                    ]
                  }
                >
                  <h2
                    className="pageTitle"
                  >
                    Document manager
                  </h2>
                </Col>
              </Row>,
              <Row
                tag="div"
              >
                <Col
                  sm={
                    Object {
                      "offset": 1,
                      "size": 4,
                    }
                  }
                  tag="div"
                  widths={
                    Array [
                      "xs",
                      "sm",
                      "md",
                      "lg",
                      "xl",
                    ]
                  }
                >
                  <SearchButton
                    filter=""
                    handleFilter={[Function]}
                  />
                </Col>
                <Col
                  sm={
                    Object {
                      "offset": 1,
                      "size": 4,
                    }
                  }
                  tag="div"
                  widths={
                    Array [
                      "xs",
                      "sm",
                      "md",
                      "lg",
                      "xl",
                    ]
                  }
                >
                  <UploadButton
                    handleUpload={[Function]}
                  />
                </Col>
              </Row>,
              <Row
                tag="div"
              >
                <Col
                  sm={
                    Object {
                      "offset": 1,
                      "size": 10,
                    }
                  }
                  tag="div"
                  widths={
                    Array [
                      "xs",
                      "sm",
                      "md",
                      "lg",
                      "xl",
                    ]
                  }
                >
                  <List
                    documents={null}
                    filter=""
                    handleDelete={[MockFunction]}
                  />
                </Col>
              </Row>,
            ],
            "tag": "div",
          },
          "ref": null,
          "rendered": Array [
            Object {
              "instance": null,
              "key": undefined,
              "nodeType": "function",
              "props": Object {
                "children": <Col
                  sm={
                    Object {
                      "offset": 1,
                      "size": 10,
                    }
                  }
                  tag="div"
                  widths={
                    Array [
                      "xs",
                      "sm",
                      "md",
                      "lg",
                      "xl",
                    ]
                  }
                >
                  <h2
                    className="pageTitle"
                  >
                    Document manager
                  </h2>
                </Col>,
                "tag": "div",
              },
              "ref": null,
              "rendered": Object {
                "instance": null,
                "key": undefined,
                "nodeType": "function",
                "props": Object {
                  "children": <h2
                    className="pageTitle"
                  >
                    Document manager
                  </h2>,
                  "sm": Object {
                    "offset": 1,
                    "size": 10,
                  },
                  "tag": "div",
                  "widths": Array [
                    "xs",
                    "sm",
                    "md",
                    "lg",
                    "xl",
                  ],
                },
                "ref": null,
                "rendered": Object {
                  "instance": null,
                  "key": undefined,
                  "nodeType": "host",
                  "props": Object {
                    "children": "Document manager",
                    "className": "pageTitle",
                  },
                  "ref": null,
                  "rendered": "Document manager",
                  "type": "h2",
                },
                "type": [Function],
              },
              "type": [Function],
            },
            Object {
              "instance": null,
              "key": undefined,
              "nodeType": "function",
              "props": Object {
                "children": Array [
                  <Col
                    sm={
                      Object {
                        "offset": 1,
                        "size": 4,
                      }
                    }
                    tag="div"
                    widths={
                      Array [
                        "xs",
                        "sm",
                        "md",
                        "lg",
                        "xl",
                      ]
                    }
                  >
                    <SearchButton
                      filter=""
                      handleFilter={[Function]}
                    />
                  </Col>,
                  <Col
                    sm={
                      Object {
                        "offset": 1,
                        "size": 4,
                      }
                    }
                    tag="div"
                    widths={
                      Array [
                        "xs",
                        "sm",
                        "md",
                        "lg",
                        "xl",
                      ]
                    }
                  >
                    <UploadButton
                      handleUpload={[Function]}
                    />
                  </Col>,
                ],
                "tag": "div",
              },
              "ref": null,
              "rendered": Array [
                Object {
                  "instance": null,
                  "key": undefined,
                  "nodeType": "function",
                  "props": Object {
                    "children": <SearchButton
                      filter=""
                      handleFilter={[Function]}
                    />,
                    "sm": Object {
                      "offset": 1,
                      "size": 4,
                    },
                    "tag": "div",
                    "widths": Array [
                      "xs",
                      "sm",
                      "md",
                      "lg",
                      "xl",
                    ],
                  },
                  "ref": null,
                  "rendered": Object {
                    "instance": null,
                    "key": undefined,
                    "nodeType": "function",
                    "props": Object {
                      "filter": "",
                      "handleFilter": [Function],
                    },
                    "ref": null,
                    "rendered": null,
                    "type": [Function],
                  },
                  "type": [Function],
                },
                Object {
                  "instance": null,
                  "key": undefined,
                  "nodeType": "function",
                  "props": Object {
                    "children": <UploadButton
                      handleUpload={[Function]}
                    />,
                    "sm": Object {
                      "offset": 1,
                      "size": 4,
                    },
                    "tag": "div",
                    "widths": Array [
                      "xs",
                      "sm",
                      "md",
                      "lg",
                      "xl",
                    ],
                  },
                  "ref": null,
                  "rendered": Object {
                    "instance": null,
                    "key": undefined,
                    "nodeType": "function",
                    "props": Object {
                      "handleUpload": [Function],
                    },
                    "ref": null,
                    "rendered": null,
                    "type": [Function],
                  },
                  "type": [Function],
                },
              ],
              "type": [Function],
            },
            Object {
              "instance": null,
              "key": undefined,
              "nodeType": "function",
              "props": Object {
                "children": <Col
                  sm={
                    Object {
                      "offset": 1,
                      "size": 10,
                    }
                  }
                  tag="div"
                  widths={
                    Array [
                      "xs",
                      "sm",
                      "md",
                      "lg",
                      "xl",
                    ]
                  }
                >
                  <List
                    documents={null}
                    filter=""
                    handleDelete={[MockFunction]}
                  />
                </Col>,
                "tag": "div",
              },
              "ref": null,
              "rendered": Object {
                "instance": null,
                "key": undefined,
                "nodeType": "function",
                "props": Object {
                  "children": <List
                    documents={null}
                    filter=""
                    handleDelete={[MockFunction]}
                  />,
                  "sm": Object {
                    "offset": 1,
                    "size": 10,
                  },
                  "tag": "div",
                  "widths": Array [
                    "xs",
                    "sm",
                    "md",
                    "lg",
                    "xl",
                  ],
                },
                "ref": null,
                "rendered": Object {
                  "instance": null,
                  "key": undefined,
                  "nodeType": "function",
                  "props": Object {
                    "documents": null,
                    "filter": "",
                    "handleDelete": [MockFunction],
                  },
                  "ref": null,
                  "rendered": null,
                  "type": [Function],
                },
                "type": [Function],
              },
              "type": [Function],
            },
          ],
          "type": [Function],
        },
      ],
      "type": Symbol(react.fragment),
    },
  ],
  Symbol(enzyme.__options__): Object {
    "adapter": ReactSixteenAdapter {
      "options": Object {
        "enableComponentDidUpdateOnSetState": true,
        "lifecycles": Object {
          "componentDidUpdate": Object {
            "onSetState": true,
          },
          "getDerivedStateFromProps": true,
          "getSnapshotBeforeUpdate": true,
          "setState": Object {
            "skipsComponentDidUpdateOnNullish": true,
          },
        },
      },
    },
  },
}
`;
